** Drc report for leftMainboard.kicad_pcb **
** Created on 2026-10-07T15:03:39-0600 **
** Report includes: Errors, Warnings **

** Found 28 DRC violations **
[courtyards_overlap]: Courtyards overlap
    Rule: board setup constraints courtyard; error
    @(11.2000 mm, 25.0000 mm): Footprint C2
    @(15.6000 mm, 22.8000 mm): Footprint U2
[courtyards_overlap]: Courtyards overlap
    Rule: board setup constraints courtyard; error
    @(10.9000 mm, 23.3000 mm): Footprint R6
    @(10.9000 mm, 22.5000 mm): Footprint R5
[courtyards_overlap]: Courtyards overlap
    Rule: board setup constraints courtyard; error
    @(10.9000 mm, 23.3000 mm): Footprint R6
    @(9.2500 mm, 23.2500 mm): Footprint D4
[courtyards_overlap]: Courtyards overlap
    Rule: board setup constraints courtyard; error
    @(16.1000 mm, 15.5500 mm): Footprint L1
    @(21.2000 mm, 16.4000 mm): Footprint U1
[courtyards_overlap]: Courtyards overlap
    Rule: board setup constraints courtyard; error
    @(16.1000 mm, 15.5500 mm): Footprint L1
    @(20.9000 mm, 12.7000 mm): Footprint C4
[courtyards_overlap]: Courtyards overlap
    Rule: board setup constraints courtyard; error
    @(10.9000 mm, 21.0000 mm): Footprint R7
    @(9.2500 mm, 23.2500 mm): Footprint D4
[courtyards_overlap]: Courtyards overlap
    Rule: board setup constraints courtyard; error
    @(10.9000 mm, 22.5000 mm): Footprint R5
    @(9.2500 mm, 23.2500 mm): Footprint D4
[courtyards_overlap]: Courtyards overlap
    Rule: board setup constraints courtyard; error
    @(15.6000 mm, 22.8000 mm): Footprint U2
    @(19.6000 mm, 19.9000 mm): Footprint R1
[track_dangling]: Track has unconnected end
    Local override; warning
    @(8.6000 mm, 27.4000 mm): Track [GND] on F.Cu, length 1.1000 mm
[via_dangling]: Via is not connected or connected on only one layer
    Local override; warning
    @(8.6000 mm, 42.0000 mm): Via [GND] on F.Cu - B.Cu
[via_dangling]: Via is not connected or connected on only one layer
    Local override; warning
    @(32.7500 mm, 17.0000 mm): Via [R0] on F.Cu - B.Cu
[via_dangling]: Via is not connected or connected on only one layer
    Local override; warning
    @(32.1500 mm, 17.6000 mm): Via [R1] on F.Cu - B.Cu
[via_dangling]: Via is not connected or connected on only one layer
    Local override; warning
    @(30.3500 mm, 19.4000 mm): Via [R4] on F.Cu - B.Cu
[track_dangling]: Track has unconnected end
    Local override; warning
    @(30.3500 mm, 19.4000 mm): Track [R4] on B.Cu, length 50.9000 mm
[track_dangling]: Track has unconnected end
    Local override; warning
    @(30.9500 mm, 18.8000 mm): Track [R3] on B.Cu, length 51.5000 mm
[track_dangling]: Track has unconnected end
    Local override; warning
    @(33.3500 mm, 20.6000 mm): Track [C6] on B.Cu, length 49.4000 mm
[track_dangling]: Track has unconnected end
    Local override; warning
    @(29.7500 mm, 20.0000 mm): Track [R5] on B.Cu, length 50.3000 mm
[via_dangling]: Via is not connected or connected on only one layer
    Local override; warning
    @(33.9500 mm, 20.0000 mm): Via [C5] on F.Cu - B.Cu
[track_dangling]: Track has unconnected end
    Local override; warning
    @(33.9500 mm, 20.0000 mm): Track [C5] on B.Cu, length 50.0000 mm
[via_dangling]: Via is not connected or connected on only one layer
    Local override; warning
    @(34.5500 mm, 19.4000 mm): Via [C4] on F.Cu - B.Cu
[track_dangling]: Track has unconnected end
    Local override; warning
    @(34.5500 mm, 19.4000 mm): Track [C4] on B.Cu, length 38.1000 mm
[via_dangling]: Via is not connected or connected on only one layer
    Local override; warning
    @(35.1500 mm, 18.8000 mm): Via [C3] on F.Cu - B.Cu
[track_dangling]: Track has unconnected end
    Local override; warning
    @(35.1500 mm, 18.8000 mm): Track [C3] on B.Cu, length 26.2000 mm
[track_dangling]: Track has unconnected end
    Local override; warning
    @(35.7500 mm, 18.2000 mm): Track [C2] on B.Cu, length 15.2000 mm
[track_dangling]: Track has unconnected end
    Local override; warning
    @(36.2541 mm, 27.7983 mm): Track [C1] on F.Cu, length 0.2889 mm
[track_dangling]: Track has unconnected end
    Local override; warning
    @(36.4584 mm, 26.8934 mm): Track [C1] on F.Cu, length 5.2910 mm
[track_dangling]: Track has unconnected end
    Local override; warning
    @(36.3500 mm, 17.6000 mm): Track [C1] on B.Cu, length 15.8000 mm
[track_dangling]: Track has unconnected end
    Local override; warning
    @(36.9500 mm, 17.0000 mm): Track [C0] on B.Cu, length 16.4000 mm

** Found 0 unconnected pads **

** Found 0 Footprint errors **

** End of Report **
