** Drc report for AdafruitNeoKeyChocSocketBreakout.kicad_pcb **
** Created on 2026-10-01T09:37:23-0600 **
** Report includes: Errors, Warnings **

** Found 5 DRC violations **
[copper_edge_clearance]: Board edge clearance violation (board setup constraints edge clearance 0.2540 mm; actual 0.1230 mm)
    Rule: board setup constraints edge; error
    @(152.9770 mm, 111.4270 mm): Segment of LED1 on Edge.Cuts
    @(153.7000 mm, 108.9500 mm): Pad 1-VDD [VDD] of LED1 on F.Cu
[copper_edge_clearance]: Board edge clearance violation (board setup constraints edge clearance 0.2540 mm; actual 0.1230 mm)
    Rule: board setup constraints edge; error
    @(152.9770 mm, 111.4270 mm): Segment of LED1 on Edge.Cuts
    @(153.7000 mm, 110.4500 mm): Pad 2-DOUT [NEO_OUT] of LED1 on F.Cu
[copper_edge_clearance]: Board edge clearance violation (board setup constraints edge clearance 0.2540 mm; actual 0.1230 mm)
    Rule: board setup constraints edge; error
    @(149.1230 mm, 107.9730 mm): Segment of LED1 on Edge.Cuts
    @(148.4000 mm, 110.4500 mm): Pad 3-GND [GND] of LED1 on F.Cu
[copper_edge_clearance]: Board edge clearance violation (board setup constraints edge clearance 0.2540 mm; actual 0.1230 mm)
    Rule: board setup constraints edge; error
    @(149.1230 mm, 107.9730 mm): Segment of LED1 on Edge.Cuts
    @(148.4000 mm, 108.9500 mm): Pad 4-DIN [NEO_IN] of LED1 on F.Cu
[copper_edge_clearance]: Board edge clearance violation (board setup constraints edge clearance 0.2540 mm; actual 0.0000 mm)
    Rule: board setup constraints edge; error
    @(138.9761 mm, 113.0311 mm): Segment on Edge.Cuts
    @(140.2411 mm, 101.2036 mm): Pad 2 [SWITCHA] of SW1 on F.Cu

** Found 0 unconnected pads **

** Found 0 Footprint errors **

** End of Report **
