** Drc report for columnBreakout-flipped.kicad_pcb **
** Created on 2026-09-30T18:05:53-0600 **
** Report includes: Errors, Warnings, Exclusions **

** Found 7 DRC violations **
[lib_footprint_issues]: The footprint library 'EasyEDA' was not found at '/tmp/EasyEDA.pretty'.
    Local override; warning
    @(155.5000 mm, 54.3250 mm): Footprint U6
[lib_footprint_issues]: The footprint library 'EasyEDA' was not found at '/tmp/EasyEDA.pretty'.
    Local override; warning
    @(155.5000 mm, 45.2250 mm): Footprint U7
[lib_footprint_issues]: The footprint library 'EasyEDA' was not found at '/tmp/EasyEDA.pretty'.
    Local override; warning
    @(154.0000 mm, 99.8250 mm): Footprint U1
[lib_footprint_issues]: The footprint library 'EasyEDA' was not found at '/tmp/EasyEDA.pretty'.
    Local override; warning
    @(155.5000 mm, 72.5250 mm): Footprint U4
[lib_footprint_issues]: The footprint library 'EasyEDA' was not found at '/tmp/EasyEDA.pretty'.
    Local override; warning
    @(155.5000 mm, 63.4250 mm): Footprint U5
[lib_footprint_issues]: The footprint library 'EasyEDA' was not found at '/tmp/EasyEDA.pretty'.
    Local override; warning
    @(155.5000 mm, 90.7250 mm): Footprint U2
[lib_footprint_issues]: The footprint library 'EasyEDA' was not found at '/tmp/EasyEDA.pretty'.
    Local override; warning
    @(155.5000 mm, 81.6250 mm): Footprint U3

** Found 0 unconnected pads **

** Found 0 Footprint errors **

** End of Report **
