** Drc report for columnBreakout.kicad_pcb **
** Created on 2026-10-04T10:15:02-0600 **
** Report includes: Errors, Warnings, Exclusions **

** Found 16 DRC violations **
[silk_overlap]: Silkscreen overlap (board setup constraints silk clearance 0.1500 mm; actual 0.1039 mm)
    Rule: board setup constraints silk; warning
    @(150.4789 mm, 98.4000 mm): Circle on F.Silkscreen
    @(150.8400 mm, 98.9500 mm): Segment of J1 on F.Silkscreen
[silk_overlap]: Silkscreen overlap (board setup constraints silk clearance 0.1500 mm; actual 0.0260 mm)
    Rule: board setup constraints silk; warning
    @(149.6570 mm, 98.0530 mm): Polygon of J1 on F.Silkscreen
    @(150.4789 mm, 98.4000 mm): Circle on F.Silkscreen
[silk_overlap]: Silkscreen overlap (board setup constraints silk clearance 0.1500 mm; actual 0.1428 mm)
    Rule: board setup constraints silk; warning
    @(159.4500 mm, 98.9500 mm): Segment of J1 on F.Silkscreen
    @(158.6000 mm, 98.2000 mm): Reference field of J1
[silk_overlap]: Silkscreen overlap (board setup constraints silk clearance 0.1500 mm; actual 0.1475 mm)
    Rule: board setup constraints silk; warning
    @(159.4500 mm, 100.0200 mm): Segment of J1 on F.Silkscreen
    @(158.6000 mm, 98.2000 mm): Reference field of J1
[silk_overlap]: Silkscreen overlap (board setup constraints silk clearance 0.1500 mm; actual 0.1039 mm)
    Rule: board setup constraints silk; warning
    @(152.1211 mm, 71.1000 mm): Circle on F.Silkscreen
    @(152.2900 mm, 71.6500 mm): Segment of J5 on F.Silkscreen
[silk_overlap]: Silkscreen overlap (board setup constraints silk clearance 0.1500 mm; actual 0.0756 mm)
    Rule: board setup constraints silk; warning
    @(152.1211 mm, 71.1000 mm): Circle on F.Silkscreen
    @(151.1070 mm, 70.7530 mm): Polygon of J5 on F.Silkscreen
[silk_overlap]: Silkscreen overlap (board setup constraints silk clearance 0.1500 mm; actual 0.0756 mm)
    Rule: board setup constraints silk; warning
    @(151.1070 mm, 79.8530 mm): Polygon of J6 on F.Silkscreen
    @(152.1211 mm, 80.2000 mm): Circle on F.Silkscreen
[silk_overlap]: Silkscreen overlap (board setup constraints silk clearance 0.1500 mm; actual 0.1039 mm)
    Rule: board setup constraints silk; warning
    @(152.2900 mm, 80.7500 mm): Segment of J6 on F.Silkscreen
    @(152.1211 mm, 80.2000 mm): Circle on F.Silkscreen
[silk_overlap]: Silkscreen overlap (board setup constraints silk clearance 0.1500 mm; actual 0.1039 mm)
    Rule: board setup constraints silk; warning
    @(152.1211 mm, 89.3000 mm): Circle on F.Silkscreen
    @(152.2900 mm, 89.8500 mm): Segment of J7 on F.Silkscreen
[silk_overlap]: Silkscreen overlap (board setup constraints silk clearance 0.1500 mm; actual 0.0756 mm)
    Rule: board setup constraints silk; warning
    @(151.1070 mm, 88.9530 mm): Polygon of J7 on F.Silkscreen
    @(152.1211 mm, 89.3000 mm): Circle on F.Silkscreen
[silk_overlap]: Silkscreen overlap (board setup constraints silk clearance 0.1500 mm; actual 0.1039 mm)
    Rule: board setup constraints silk; warning
    @(152.1211 mm, 43.8000 mm): Circle on F.Silkscreen
    @(152.2900 mm, 44.3500 mm): Segment of J2 on F.Silkscreen
[silk_overlap]: Silkscreen overlap (board setup constraints silk clearance 0.1500 mm; actual 0.0756 mm)
    Rule: board setup constraints silk; warning
    @(151.1070 mm, 43.4530 mm): Polygon of J2 on F.Silkscreen
    @(152.1211 mm, 43.8000 mm): Circle on F.Silkscreen
[silk_overlap]: Silkscreen overlap (board setup constraints silk clearance 0.1500 mm; actual 0.1039 mm)
    Rule: board setup constraints silk; warning
    @(152.2900 mm, 53.4500 mm): Segment of J3 on F.Silkscreen
    @(152.1211 mm, 52.9000 mm): Circle on F.Silkscreen
[silk_overlap]: Silkscreen overlap (board setup constraints silk clearance 0.1500 mm; actual 0.0756 mm)
    Rule: board setup constraints silk; warning
    @(151.1070 mm, 52.5530 mm): Polygon of J3 on F.Silkscreen
    @(152.1211 mm, 52.9000 mm): Circle on F.Silkscreen
[silk_overlap]: Silkscreen overlap (board setup constraints silk clearance 0.1500 mm; actual 0.1039 mm)
    Rule: board setup constraints silk; warning
    @(152.1211 mm, 62.0000 mm): Circle on F.Silkscreen
    @(152.2900 mm, 62.5500 mm): Segment of J4 on F.Silkscreen
[silk_overlap]: Silkscreen overlap (board setup constraints silk clearance 0.1500 mm; actual 0.0756 mm)
    Rule: board setup constraints silk; warning
    @(151.1070 mm, 61.6530 mm): Polygon of J4 on F.Silkscreen
    @(152.1211 mm, 62.0000 mm): Circle on F.Silkscreen

** Found 0 unconnected pads **

** Found 0 Footprint errors **

** End of Report **
